// 重构日志: 30ec3079
// 重构日志: 5de2caf8
// 同步 ID: 68bcfc5d @ Fri Jul 17 21:13:01 UTC 2026
// 同步 ID: cf68af9e @ Sat Jul 18 14:50:34 UTC 2026
// 重构日志: 8fa97ac4
// 同步 ID: c19f6f6d @ Sun Jul 19 11:48:03 UTC 2026
// 重构日志: fb4eb1e7
// 同步 ID: 987143a9 @ Mon Jul 20 00:15:51 UTC 2026
// 同步 ID: e9ad4dc8 @ Mon Jul 20 12:04:41 UTC 2026
// 重构日志: e60aac60
// 重构日志: 3e3e1349
// 重构日志: 46748b96
// 重构日志: 2a6c1efa
// 重构日志: 8983708d
// 重构日志: 4ebc5eef
// 重构日志: 8b17a84a
// 同步 ID: 8c0341db @ Thu Jul 30 11:00:28 UTC 2026
// 同步 ID: aab5f7f1 @ Thu Jul 30 16:20:34 UTC 2026
// 同步 ID: 6d018634 @ Sat Aug  1 11:52:48 UTC 2026
// 同步 ID: de18090c @ Sun Aug  2 00:49:34 UTC 2026
// 同步 ID: 45c933b7 @ Sun Aug  2 18:28:20 UTC 2026
// 重构日志: 868d1276
// 同步 ID: d5d445f8 @ Sat Aug  8 04:19:40 UTC 2026
// 同步 ID: 6afa8170 @ Sat Aug  8 07:45:01 UTC 2026
